// Jest Snapshot v1, https://goo.gl/fbAQLP

exports[`Renders correctly. 1`] = `
<div
  class="core_ToolBar"
  style="height: 33px;"
>
  <div
    class="core_DropDown"
  >
    <button
      class="core_Button"
    >
      <span
        class="core_Button_inner"
      >
        <span
          class="core_Button_left"
        >
          <span>
            <span
              class="fas fa-file-medical"
            />
          </span>
        </span>
        <span
          class="core_Button_center"
        >
          New quest
        </span>
        <span
          class="core_Button_right"
        >
          <span>
            <span
              class="fas fa-caret-down"
            />
          </span>
        </span>
      </span>
    </button>
    <div
      class="core_Menu"
      hidden=""
      tabindex="-1"
    >
      <div
        class="core_Menu_inner"
      >
        <div
          data-index="0"
        >
          Episode I
        </div>
      </div>
    </div>
  </div>
  <button
    class="core_Button core_FileButton"
    title="Open a quest file (Ctrl-O)"
  >
    <span
      class="core_Button_inner"
    >
      <span
        class="core_Button_left"
      >
        <span>
          <span
            class="fas fa-file"
          />
        </span>
      </span>
      <span
        class="core_Button_center"
      >
        Open file...
      </span>
    </span>
  </button>
  <button
    class="core_Button disabled"
    disabled=""
    title="Save this quest to new file (Ctrl-Shift-S)"
  >
    <span
      class="core_Button_inner"
    >
      <span
        class="core_Button_left"
      >
        <span>
          <span
            class="fas fa-save"
          />
        </span>
      </span>
      <span
        class="core_Button_center"
      >
        Save as...
      </span>
    </span>
  </button>
  <button
    class="core_Button disabled"
    disabled=""
    title="Nothing to undo (Ctrl-Z)"
  >
    <span
      class="core_Button_inner"
    >
      <span
        class="core_Button_left"
      >
        <span>
          <span
            class="fas fa-undo"
          />
        </span>
      </span>
      <span
        class="core_Button_center"
      >
        Undo
      </span>
    </span>
  </button>
  <button
    class="core_Button disabled"
    disabled=""
    title="Nothing to redo (Ctrl-Shift-Z)"
  >
    <span
      class="core_Button_inner"
    >
      <span
        class="core_Button_left"
      >
        <span>
          <span
            class="fas fa-redo"
          />
        </span>
      </span>
      <span
        class="core_Button_center"
      >
        Redo
      </span>
    </span>
  </button>
  <div
    class="core_Select disabled"
  >
    <button
      class="core_Button disabled"
      disabled=""
    >
      <span
        class="core_Button_inner"
      >
        <span
          class="core_Button_center"
        >
           
        </span>
        <span
          class="core_Button_right"
        >
          <span>
            <span
              class="fas fa-caret-down"
            />
          </span>
        </span>
      </span>
    </button>
    <div
      class="core_Menu"
      hidden=""
      tabindex="-1"
    >
      <div
        class="core_Menu_inner"
      />
    </div>
  </div>
</div>
`;
